// Jest Snapshot v1, https://goo.gl/fbAQLP

exports[`Should render Expense list item 1`] = `
<div>
  <Link
    replace={false}
    to="/edit/3"
  >
    <h3>
      Water Bill
    </h3>
  </Link>
  <p>
    $12.41
     - 
    January 4th 1970
  </p>
</div>
`;
