// Jest Snapshot v1, https://goo.gl/fbAQLP

exports[`Should render ExpenseSummary correctly 1`] = `
<ContextConsumer>
  <Component />
</ContextConsumer>
`;
