// Jest Snapshot v1, https://goo.gl/fbAQLP

exports[`Should render not found page correctly 1`] = `
<div>
  Page not found
  <Link
    replace={false}
    to="/"
  >
    Go Home
  </Link>
</div>
`;
